// Jest Snapshot v1, https://goo.gl/fbAQLP

exports[`matches snapshot 1`] = `
<DocumentFragment>
  <div
    class="MuiPaper-root MuiPaper-elevation MuiPaper-rounded MuiPaper-elevation1 MuiCard-root css-1oqv2c0-MuiPaper-root-MuiCard-root"
  >
    <img
      alt="Live from space album cover"
      class="MuiCardMedia-root MuiCardMedia-media MuiCardMedia-img css-1qfy3jn-MuiCardMedia-root"
      src="bookcovernotfound.png"
    />
    <div
      class="MuiBox-root css-j7qwjs"
    >
      <div
        class="MuiCardContent-root css-1qaznj3-MuiCardContent-root"
      >
        <div
          class="MuiTypography-root MuiTypography-h6 MuiTypography-noWrap css-1c2nc1y-MuiTypography-root"
        >
          title
        </div>
        <h6
          class="MuiTypography-root MuiTypography-subtitle1 MuiTypography-noWrap css-1u7magf-MuiTypography-root"
        >
          By author
        </h6>
        <h6
          class="MuiTypography-root MuiTypography-subtitle1 css-ecpxie-MuiTypography-root"
        >
          300 pages  |  Published: 12/12/1912
        </h6>
        <h6
          class="MuiTypography-root MuiTypography-subtitle1 css-ecpxie-MuiTypography-root"
        >
          ISBN 
        </h6>
      </div>
      <div
        class="MuiCardActions-root css-1rwjz6-MuiCardActions-root"
      >
        <button
          class="MuiButtonBase-root MuiButton-root MuiButton-contained MuiButton-containedPrimary MuiButton-sizeMedium MuiButton-containedSizeMedium css-sghohy-MuiButtonBase-root-MuiButton-root"
          tabindex="0"
          type="button"
        >
          Start Buddy Read
          <span
            class="MuiTouchRipple-root css-8je8zh-MuiTouchRipple-root"
          />
        </button>
      </div>
    </div>
  </div>
</DocumentFragment>
`;
