// Jest Snapshot v1, https://goo.gl/fbAQLP

exports[`matches snapshot 1`] = `
<DocumentFragment>
  <div
    class="MuiPaper-root MuiPaper-elevation MuiPaper-rounded MuiPaper-elevation1 MuiCard-root css-187ww8x-MuiPaper-root-MuiCard-root"
  >
    <div
      class="MuiCardHeader-root css-1kml5hp-MuiCardHeader-root"
    >
      <div
        class="MuiCardHeader-avatar css-1ssile9-MuiCardHeader-avatar"
      >
        <div
          aria-label="post 1"
          class="MuiAvatar-root MuiAvatar-circular MuiAvatar-colorDefault css-1ow0mo5-MuiAvatar-root"
        >
          F
        </div>
      </div>
      <div
        class="MuiCardHeader-content css-1qbkelo-MuiCardHeader-content"
      >
        <span
          class="MuiTypography-root MuiTypography-body2 MuiCardHeader-title css-et1ao3-MuiTypography-root"
        >
          First Last
        </span>
        <span
          class="MuiTypography-root MuiTypography-body2 MuiCardHeader-subheader css-83ijpv-MuiTypography-root"
        >
          Page 1
        </span>
      </div>
    </div>
    <div
      class="MuiCardActions-root MuiCardActions-spacing css-10r5to9-MuiCardActions-root"
    >
      <button
        class="MuiButtonBase-root MuiButton-root MuiButton-text MuiButton-textPrimary MuiButton-sizeMedium MuiButton-textSizeMedium css-1qstl0x-MuiButtonBase-root-MuiButton-root"
        tabindex="0"
        type="button"
      >
        Reveal Post
        <span
          class="MuiTouchRipple-root css-8je8zh-MuiTouchRipple-root"
        />
      </button>
    </div>
  </div>
</DocumentFragment>
`;
